{
  "components": {
    "schemas": {
      "BasicCompanyInfoRequest": {
        "properties": {
          "companyId": {
            "description": "The ID of the company",
            "example": "2464491-9",
            "title": "Company ID",
            "type": "string"
          }
        },
        "required": [
          "companyId"
        ],
        "title": "BasicCompanyInfoRequest",
        "type": "object"
      },
      "BasicCompanyInfoResponse": {
        "properties": {
          "companyForm": {
            "example": "LLC",
            "title": "The company form of the company",
            "type": "string"
          },
          "companyId": {
            "example": "2464491-9",
            "title": "ID of the company",
            "type": "string"
          },
          "name": {
            "example": "Digital Living International Oy",
            "title": "Name of the company",
            "type": "string"
          },
          "registrationDate": {
            "example": "2012-02-23",
            "title": "Date of registration for the company",
            "type": "string"
          }
        },
        "required": [
          "name",
          "companyId",
          "companyForm",
          "registrationDate"
        ],
        "title": "BasicCompanyInfoResponse",
        "type": "object"
      },
      "HTTPValidationError": {
        "properties": {
          "detail": {
            "items": {
              "$ref": "#/components/schemas/ValidationError"
            },
            "title": "Detail",
            "type": "array"
          }
        },
        "title": "HTTPValidationError",
        "type": "object"
      },
      "UnavailableForLegalReasonsResponse": {
        "properties": {
          "reasons": {
            "description": "The reason why the data is not available",
            "title": "Reason",
            "type": "string"
          }
        },
        "required": [
          "reasons"
        ],
        "title": "UnavailableForLegalReasonsResponse",
        "type": "object"
      },
      "ValidationError": {
        "properties": {
          "loc": {
            "items": {
              "anyOf": [
                {
                  "type": "string"
                },
                {
                  "type": "integer"
                }
              ]
            },
            "title": "Location",
            "type": "array"
          },
          "msg": {
            "title": "Message",
            "type": "string"
          },
          "type": {
            "title": "Error Type",
            "type": "string"
          }
        },
        "required": [
          "loc",
          "msg",
          "type"
        ],
        "title": "ValidationError",
        "type": "object"
      }
    }
  },
  "info": {
    "description": "Data Product for basic company info",
    "title": "Basic Company Info",
    "version": "1.0.0"
  },
  "openapi": "3.0.2",
  "paths": {
    "/Company/BasicInfo": {
      "post": {
        "description": "Information about the company",
        "operationId": "request_Company_BasicInfo",
        "parameters": [
          {
            "description": "Optional consent token",
            "in": "header",
            "name": "x-consent-token",
            "required": false,
            "schema": {
              "description": "Optional consent token",
              "title": "X-Consent-Token",
              "type": "string"
            }
          },
          {
            "description": "The login token. Value should be \"Bearer [token]\"",
            "in": "header",
            "name": "authorization",
            "required": false,
            "schema": {
              "description": "The login token. Value should be \"Bearer [token]\"",
              "title": "Authorization",
              "type": "string"
            }
          },
          {
            "description": "The bare domain of the system that provided the token.",
            "in": "header",
            "name": "x-authorization-provider",
            "required": false,
            "schema": {
              "description": "The bare domain of the system that provided the token.",
              "title": "X-Authorization-Provider",
              "type": "string"
            }
          }
        ],
        "requestBody": {
          "content": {
            "application/json": {
              "schema": {
                "$ref": "#/components/schemas/BasicCompanyInfoRequest"
              }
            }
          },
          "required": true
        },
        "responses": {
          "200": {
            "content": {
              "application/json": {
                "schema": {
                  "$ref": "#/components/schemas/BasicCompanyInfoResponse"
                }
              }
            },
            "description": "Successful Response"
          },
          "422": {
            "content": {
              "application/json": {
                "schema": {
                  "$ref": "#/components/schemas/HTTPValidationError"
                }
              }
            },
            "description": "Validation Error"
          },
          "451": {
            "content": {
              "application/json": {
                "schema": {
                  "$ref": "#/components/schemas/UnavailableForLegalReasonsResponse"
                }
              }
            },
            "description": "Unavailable for some legal reasons"
          }
        },
        "summary": "Company/BasicInfo"
      }
    }
  }
}
